\BOOKMARK [1][-]{section.1}{\376\377\004\022\004\062\004\065\004\064\004\065\004\075\004\070\004\065\000:\000\040\004\077\004\076\004\107\004\065\004\074\004\103\000\040\004\115\004\102\004\076\000\040\004\075\004\065\000\040\004\077\004\100\004\076\000\040\000\253\004\100\004\113\004\075\004\076\004\072\000\040\004\070\004\073\004\070\000\040\004\063\004\076\004\101\004\103\004\064\004\060\004\100\004\101\004\102\004\062\004\076\000\273}{}% 1
\BOOKMARK [1][-]{section.2}{\376\377\004\042\004\100\004\070\000\040\004\076\004\101\004\070\000\040\040\024\000\040\004\075\004\065\000\040\004\077\004\103\004\102\004\060\004\102\004\114}{}% 2
\BOOKMARK [2][-]{subsection.2.1}{\376\377\004\036\004\063\004\100\004\060\004\075\004\070\004\107\004\065\004\075\004\075\004\076\004\101\004\102\004\114\000\040\000\050\000f\000l\000o\000w\000\040\000/\000\040\000s\000t\000o\000c\000k\000\051}{section.2}% 3
\BOOKMARK [3][-]{subsubsection.2.1.1}{\376\377\004\030\004\075\004\064\004\070\004\072\004\060\004\102\004\076\004\100\004\113\000\040\004\062\004\076\004\064\004\075\004\076\004\063\004\076\000\040\004\101\004\102\004\100\004\065\004\101\004\101\004\060}{subsection.2.1}% 4
\BOOKMARK [2][-]{subsection.2.2}{\376\377\004\040\004\065\004\064\004\072\004\076\004\101\004\102\004\114\000\040\000\050\000s\000c\000a\000r\000c\000i\000t\000y\000\051}{section.2}% 5
\BOOKMARK [3][-]{subsubsection.2.2.1}{\376\377\004\055\004\073\004\060\004\101\004\102\004\070\004\107\004\075\004\076\004\101\004\102\004\114\000\040\004\077\004\100\004\065\004\064\004\073\004\076\004\066\004\065\004\075\004\070\004\117}{subsection.2.2}% 6
\BOOKMARK [2][-]{subsection.2.3}{\376\377\004\035\004\065\004\100\004\060\004\062\004\075\004\076\004\074\004\065\004\100\004\075\004\076\004\101\004\102\004\114}{section.2}% 7
\BOOKMARK [3][-]{subsubsection.2.3.1}{\376\377\004\032\004\100\004\070\004\062\004\060\004\117\000\040\004\033\004\076\004\100\004\065\004\075\004\106\004\060}{subsection.2.3}% 8
\BOOKMARK [3][-]{subsubsection.2.3.2}{\376\377\004\030\004\075\004\064\004\065\004\072\004\101\000\040\004\024\004\066\004\070\004\075\004\070}{subsection.2.3}% 9
\BOOKMARK [3][-]{subsubsection.2.3.3}{\376\377\004\032\004\076\004\115\004\104\004\104\004\070\004\106\004\070\004\065\004\075\004\102\000\040\004\062\004\060\004\100\004\070\004\060\004\106\004\070\004\070}{subsection.2.3}% 10
\BOOKMARK [3][-]{subsubsection.2.3.4}{\376\377\004\030\004\075\004\064\004\065\004\072\004\101\000\040\004\045\004\065\004\100\004\104\004\070\004\075\004\064\004\060\004\073\004\117\040\023\004\045\004\070\004\100\004\110\004\074\004\060\004\075\004\060\000\040\000\050\000H\000H\000I\000\051}{subsection.2.3}% 11
\BOOKMARK [2][-]{subsection.2.4}{\376\377\004\036\004\063\004\100\004\060\004\075\004\070\004\107\004\065\004\075\004\075\004\076\004\101\004\102\004\114\000\040\000v\000s\000\040\004\040\004\065\004\064\004\072\004\076\004\101\004\102\004\114\000\040\040\024\000\040\004\072\004\076\004\063\004\064\004\060\000\040\004\076\004\075\004\070\000\040\004\100\004\060\004\101\004\105\004\076\004\064\004\117\004\102\004\101\004\117}{section.2}% 12
\BOOKMARK [1][-]{section.3}{\376\377\004\034\004\060\004\102\004\100\004\070\004\106\004\060\000\040\004\070\004\101\004\072\004\073\004\116\004\107\004\060\004\065\004\074\004\076\004\101\004\102\004\114\000\040\000/\000\040\004\101\004\076\004\077\004\065\004\100\004\075\004\070\004\107\004\065\004\101\004\102\004\062\004\076}{}% 13
\BOOKMARK [1][-]{section.4}{\376\377\004\030\004\075\004\101\004\102\004\100\004\103\004\074\004\065\004\075\004\102\004\060\004\100\004\070\004\071\000\040\040\024\000\040\004\102\004\100\004\070\000\040\004\061\004\073\004\076\004\072\004\060}{}% 14
\BOOKMARK [2][-]{subsection.4.1}{\376\377\004\021\004\073\004\076\004\072\000\040\0001\000.\000\040\004\040\004\065\004\066\004\070\004\074\004\113\000\040\004\101\004\076\004\061\004\101\004\102\004\062\004\065\004\075\004\075\004\076\004\101\004\102\004\070}{section.4}% 15
\BOOKMARK [2][-]{subsection.4.2}{\376\377\004\021\004\073\004\076\004\072\000\040\0002\000.\000\040\004\034\004\065\004\105\004\060\004\075\004\070\004\067\004\074\004\113\000\040\004\100\004\060\004\101\004\077\004\100\004\065\004\064\004\065\004\073\004\065\004\075\004\070\004\117}{section.4}% 16
\BOOKMARK [2][-]{subsection.4.3}{\376\377\004\021\004\073\004\076\004\072\000\040\0003\000.\000\040\004\034\004\065\004\105\004\060\004\075\004\070\004\067\004\074\004\113\000\040\004\076\004\063\004\100\004\060\004\075\004\070\004\107\004\065\004\075\004\070\004\117}{section.4}% 17
\BOOKMARK [1][-]{section.5}{\376\377\004\032\004\065\004\071\004\101\000:\000\040\004\062\004\076\004\064\004\060\000\040\040\024\000\040\004\047\004\070\004\073\004\070\000\040\000\050\0001\0009\0008\0001\000\051\000\040\000v\000s\000\040\004\020\004\062\004\101\004\102\004\100\004\060\004\073\004\070\004\117\000\040\000\050\000M\000u\000r\000r\000a\000y\040\023\000D\000a\000r\000l\000i\000n\000g\000\051}{}% 18
\BOOKMARK [2][-]{subsection.5.1}{\376\377\004\047\004\070\004\073\004\070}{section.5}% 19
\BOOKMARK [2][-]{subsection.5.2}{\376\377\004\020\004\062\004\101\004\102\004\100\004\060\004\073\004\070\004\117}{section.5}% 20
\BOOKMARK [2][-]{subsection.5.3}{\376\377\004\044\004\076\004\100\004\074\004\060\004\073\004\114\004\075\004\060\004\117\000\040\004\100\004\060\004\067\004\075\004\070\004\106\004\060}{section.5}% 21
\BOOKMARK [1][-]{section.6}{\376\377\004\037\004\100\004\060\004\062\004\070\004\073\004\076\000\040\004\022\004\060\004\071\004\106\004\074\004\060\004\075\004\060\000\040\000\050\0001\0009\0007\0004\000\051\000:\000\040\004\106\004\065\004\075\004\060\000\040\000v\000s\000\040\004\072\004\076\004\073\004\070\004\107\004\065\004\101\004\102\004\062\004\076}{}% 22
\BOOKMARK [2][-]{subsection.6.1}{\376\377\004\034\004\076\004\064\004\065\004\073\004\114}{section.6}% 23
\BOOKMARK [2][-]{subsection.6.2}{\376\377\004\030\004\075\004\102\004\065\004\100\004\077\004\100\004\065\004\102\004\060\004\106\004\070\004\117}{section.6}% 24
\BOOKMARK [2][-]{subsection.6.3}{\376\377\004\030\004\073\004\073\004\116\004\101\004\102\004\100\004\060\004\106\004\070\004\117\000:\000\040\004\103\004\063\004\073\004\065\004\100\004\076\004\064}{section.6}% 25
\BOOKMARK [1][-]{section.7}{\376\377\004\044\004\076\004\100\004\074\004\060\004\073\004\114\004\075\004\113\004\065\000\040\004\074\004\065\004\105\004\060\004\075\004\070\004\067\004\074\004\113\000:\000\040\000V\000C\000G\000\040\004\070\000\040\004\023\004\065\004\071\004\073\040\023\004\050\004\065\004\077\004\073\004\070}{}% 26
\BOOKMARK [2][-]{subsection.7.1}{\376\377\000V\000C\000G\000\040\040\024\000\040\004\077\004\073\004\060\004\102\004\065\004\066\004\070\000\040\004\067\004\060\000\040\004\076\004\061\004\111\004\065\004\101\004\102\004\062\004\065\004\075\004\075\004\076\004\065\000\040\004\061\004\073\004\060\004\063\004\076}{section.7}% 27
\BOOKMARK [2][-]{subsection.7.2}{\376\377\004\023\004\065\004\071\004\073\040\023\004\050\004\065\004\077\004\073\004\070\000\040\040\024\000\040\004\101\004\102\004\060\004\061\004\070\004\073\004\114\004\075\004\076\004\065\000\040\004\077\004\060\004\100\004\076\004\101\004\076\004\107\004\065\004\102\004\060\004\075\004\070\004\065}{section.7}% 28
\BOOKMARK [2][-]{subsection.7.3}{\376\377\004\023\004\064\004\065\000\040\004\077\004\100\004\070\004\074\004\065\004\075\004\117\004\102\004\114}{section.7}% 29
\BOOKMARK [1][-]{section.8}{\376\377\004\036\004\106\004\065\004\075\004\072\004\060\000\040\004\101\004\102\004\076\004\070\004\074\004\076\004\101\004\102\004\070\000\040\004\077\004\100\004\060\004\062\004\060\000\040\004\075\004\060\000\040\004\070\004\101\004\077\004\076\004\073\004\114\004\067\004\076\004\062\004\060\004\075\004\070\004\065\000\040\004\076\004\063\004\100\004\060\004\075\004\070\004\107\004\065\004\075\004\075\004\076\004\063\004\076\000\040\004\100\004\065\004\101\004\103\004\100\004\101\004\060}{}% 30
\BOOKMARK [2][-]{subsection.8.1}{\376\377\004\024\004\070\004\101\004\072\004\076\004\075\004\102\004\070\004\100\004\076\004\062\004\060\004\075\004\070\004\065\000\040\004\070\000\040\000D\000C\000F\000-\004\074\004\076\004\064\004\065\004\073\004\114}{section.8}% 31
\BOOKMARK [2][-]{subsection.8.2}{\376\377\004\021\004\065\004\101\004\101\004\100\004\076\004\107\004\075\004\076\004\065\000\040\004\077\004\100\004\060\004\062\004\076}{section.8}% 32
\BOOKMARK [2][-]{subsection.8.3}{\376\377\004\041\004\102\004\076\004\105\004\060\004\101\004\102\004\070\004\107\004\065\004\101\004\072\004\060\004\117\000\040\004\074\004\076\004\064\004\065\004\073\004\114}{section.8}% 33
\BOOKMARK [2][-]{subsection.8.4}{\376\377\004\034\004\065\004\102\004\076\004\064\000\040\004\034\004\076\004\075\004\102\004\065\000-\004\032\004\060\004\100\004\073\004\076}{section.8}% 34
\BOOKMARK [1][-]{section.9}{\376\377\004\037\004\100\004\070\004\074\004\065\004\100\000\040\004\100\004\060\004\101\004\077\004\100\004\065\004\064\004\065\004\073\004\065\004\075\004\070\004\117\000\040\004\100\004\065\004\075\004\102\004\113\000\040\004\062\000\040\004\100\004\065\004\060\004\073\004\114\004\075\004\076\004\101\004\102\004\070\000:\000\040\004\024\004\066\004\076\004\075\000\040\004\037\004\065\004\100\004\072\004\070\004\075\004\101\000\040\004\070\000\040\004\055\004\072\004\062\004\060\004\064\004\076\004\100}{}% 35
\BOOKMARK [2][-]{subsection.9.1}{\376\377\004\041\004\103\004\064\004\114\004\061\004\060\000\040\004\055\004\072\004\062\004\060\004\064\004\076\004\100\004\060\000\040\004\062\000\040\0002\0000\0000\0008\040\023\0002\0000\0000\0009\000\040\004\063\004\063\000.}{section.9}% 36
\BOOKMARK [1][-]{section.10}{\376\377\000U\000N\000O\000S\000\040\040\024\000\040\004\102\004\100\004\065\004\102\004\070\004\071\000\040\004\077\004\076\004\073\004\116\004\101\000:\000\040\004\077\004\100\004\070\004\076\004\100\004\070\004\102\004\070\004\067\004\060\004\106\004\070\004\117\000\040\004\061\004\065\004\067\000\040\004\064\004\065\004\075\004\065\004\063}{}% 37
\BOOKMARK [2][-]{subsection.10.1}{\376\377\000M\000E\000L\000D\000\040\0003\000.\0000}{section.10}% 38
\BOOKMARK [2][-]{subsection.10.2}{\376\377\000A\000c\000u\000i\000t\000y\000\040\000c\000i\000r\000c\000l\000e\000s\000\040\000\050\004\101\000\040\004\104\004\065\004\062\004\100\004\060\004\073\004\117\000\040\0002\0000\0002\0000\000\040\004\063\000.\000\051}{section.10}% 39
\BOOKMARK [2][-]{subsection.10.3}{\376\377\000C\000o\000n\000t\000i\000n\000u\000o\000u\000s\000\040\000d\000i\000s\000t\000r\000i\000b\000u\000t\000i\000o\000n\000\040\040\024\000\040\004\077\004\100\004\076\004\065\004\072\004\102\000,\000\040\004\065\004\111\004\121\000\040\004\075\004\065\000\040\004\067\004\060\004\062\004\065\004\100\004\110\004\121\004\075\004\075\004\113\004\071\000\040\004\064\004\073\004\117\000\040\004\077\004\065\004\107\004\065\004\075\004\070}{section.10}% 40
\BOOKMARK [2][-]{subsection.10.4}{\376\377\004\037\004\076\004\107\004\065\004\074\004\103\000\040\004\075\004\065\000\040\004\100\004\113\004\075\004\076\004\072}{section.10}% 41
\BOOKMARK [1][-]{section.11}{\376\377\004\047\004\102\004\076\000\040\004\074\004\113\000\040\004\103\004\077\004\103\004\101\004\102\004\070\004\073\004\070\000:\000\040\004\077\004\100\004\076\004\062\004\060\004\073\000\040\004\101\004\060\004\074\004\076\004\103\004\077\004\100\004\060\004\062\004\073\004\065\004\075\004\070\004\117\000\040\004\061\004\065\004\067\000\040\004\067\004\060\004\074\004\065\004\075\004\113}{}% 42
\BOOKMARK [2][-]{subsection.11.1}{\376\377\004\034\004\076\004\075\004\063\004\076\004\073\004\070\004\117\000\040\040\024\000\040\004\076\004\102\000\040\000c\000o\000m\000m\000o\000n\000s\000\040\004\072\000\040\004\076\004\102\004\072\004\100\004\113\004\102\004\076\004\074\004\103\000\040\004\064\004\076\004\101\004\102\004\103\004\077\004\103}{section.11}% 43
\BOOKMARK [1][-]{section.12}{\376\377\004\027\004\060\004\074\004\065\004\075\004\117\004\065\004\074\004\076\004\101\004\102\004\114\000\040\000\050\000b\000a\000c\000k\000s\000t\000o\000p\000\051\000\040\040\024\000\040\004\072\004\076\004\063\004\064\004\060\000\040\004\100\004\065\004\064\004\072\004\076\004\101\004\102\004\114\000\040\004\077\004\065\004\100\004\065\004\101\004\102\004\060\004\121\004\102\000\040\004\061\004\113\004\102\004\114\000\040\004\076\004\101\004\102\004\100\004\076\004\071}{}% 44
\BOOKMARK [2][-]{subsection.12.1}{\376\377\000B\000a\000c\000k\000s\000t\000o\000p\000\040\004\070\000\040\004\106\004\065\004\075\004\060}{section.12}% 45
\BOOKMARK [2][-]{subsection.12.2}{\376\377\004\036\004\100\004\063\004\060\004\075\004\113\000\040\040\024\000\040\004\101\004\073\004\103\004\107\004\060\004\071\000\040\004\061\004\065\004\067\000\040\004\061\004\070\004\076\004\073\004\076\004\063\004\070\004\107\004\065\004\101\004\072\004\076\004\063\004\076\000\040\004\067\004\060\004\074\004\065\004\075\004\070\004\102\004\065\004\073\004\117}{section.12}% 46
\BOOKMARK [1][-]{section.13}{\376\377\004\041\004\070\004\075\004\102\004\065\004\067\000:\000\040\004\072\004\060\004\072\004\076\004\071\000\040\004\070\004\075\004\101\004\102\004\100\004\103\004\074\004\065\004\075\004\102\000\040\040\024\000\040\004\072\004\076\004\063\004\064\004\060\000?}{}% 47
\BOOKMARK [1][-]{section.14}{\376\377\004\022\004\076\004\077\004\100\004\076\004\101\000\040\004\067\004\060\004\073\004\103}{}% 48
